printf 'enventory:';
printf ' +varName01';
export varName01=varValue01;
echo;
