Env
╭────────────┬────────────────╮
│ Name       │ envName02      │
│ CreateTime │ Mon 0001-01-01 │
╰────────────┴────────────────╯
Refs
╭─────────────┬──────────────╮
│ Name        │ varRefName01 │
│ RefEnvName  │ envName01    │
│ RefVarName  │ varName01    │
│ RefVarValue │ val01        │
╰─────────────┴──────────────╯
