╭─────────────┬──────────────────────╮
│ EnvName     │ envName01            │
│ Name        │ varRefName01_updated │
│ RefEnvName  │ envName01            │
│ RefVarName  │ varName01            │
│ RefVarValue │ val01                │
│ Comment     │ updated comment      │
│ CreateTime  │ Mon 0001-01-01       │
╰─────────────┴──────────────────────╯
