╭────────────┬────────────────╮
│ EnvName    │ envName01      │
│ Name       │ varName01      │
│ Value      │ val01          │
│ CreateTime │ Mon 0001-01-01 │
╰────────────┴────────────────╯
EnvRefs
╭─────────┬──────────────╮
│ EnvName │ envName02    │
│ Name    │ varRefName01 │
╰─────────┴──────────────╯
