printf 'enventory:';
printf ' -varName01';
unset varName01;
echo;
