Env
╭────────────┬────────────────╮
│ Name       │ old            │
│ CreateTime │ Mon 0001-01-01 │
╰────────────┴────────────────╯
Vars
╭───────┬────────╮
│ Name  │ ov1    │
│ Value │ ov1val │
╰───────┴────────╯
Refs
╭─────────────┬────────╮
│ Name        │ or1    │
│ RefEnvName  │ old    │
│ RefVarName  │ ov1    │
│ RefVarValue │ ov1val │
╰─────────────┴────────╯
