Env
╭────────────┬────────────────╮
│ Name       │ new            │
│ CreateTime │ Mon 0001-01-01 │
╰────────────┴────────────────╯
Vars
╭───────┬───────────────────╮
│ Name  │ nv1               │
│ Value │ nv1val            │
├───────┼───────────────────┤
│ Name  │ ov1               │
│ Value │ ov1val-in-new-env │
╰───────┴───────────────────╯
Refs
╭─────────────┬────────╮
│ Name        │ nr1    │
│ RefEnvName  │ new    │
│ RefVarName  │ nv1    │
│ RefVarValue │ nv1val │
╰─────────────┴────────╯
