Env
╭────────────┬────────────────╮
│ Name       │ old            │
│ CreateTime │ Mon 0001-01-01 │
╰────────────┴────────────────╯
Vars
╭───────┬───────────────────────────────────╮
│ Name  │ ov1                               │
│ Value │ ov1val - key with same val in new │
╰───────┴───────────────────────────────────╯
Refs
╭─────────────┬───────────────────────────────────╮
│ Name        │ or1                               │
│ RefEnvName  │ old                               │
│ RefVarName  │ ov1                               │
│ RefVarValue │ ov1val - key with same val in new │
╰─────────────┴───────────────────────────────────╯
