Env
╭────────────┬────────────────╮
│ Name       │ envName01      │
│ CreateTime │ Mon 0001-01-01 │
╰────────────┴────────────────╯
Vars
╭───────┬───────────╮
│ Name  │ varName01 │
│ Value │ value     │
╰───────┴───────────╯
Refs
╭─────────────┬──────────────╮
│ Name        │ varRefName01 │
│ RefEnvName  │ envName01    │
│ RefVarName  │ varName01    │
│ RefVarValue │ value        │
╰─────────────┴──────────────╯
